// Jest Snapshot v1, https://goo.gl/fbAQLP

exports[`LoginPage Component Test match rendered component with snapshot 1`] = `
Array [
  <div
    id="loginPage"
  >
    <div
      className="MuiGrid-root makeStyles-loginPageWrapper-2 MuiGrid-container"
    >
      <div
        className="MuiGrid-root makeStyles-grid-4 MuiGrid-item MuiGrid-grid-xs-12 MuiGrid-grid-md-4"
      >
        <h3
          className="MuiTypography-root MuiTypography-h3"
        >
          Badob Inc
        </h3>
        <img
          alt="bike_logo"
          className="makeStyles-logo-1"
          src="login_bike_logo.png"
        />
      </div>
      <div
        className="MuiGrid-root makeStyles-grid-4 MuiGrid-item MuiGrid-grid-xs-12 MuiGrid-grid-md-4"
      >
        <div
          className="makeStyles-login-6"
        >
          <h5
            className="MuiTypography-root MuiTypography-h5"
          >
            Already Have An Account
          </h5>
          <form
            autoComplete="off"
            onSubmit={[Function]}
          >
            <div
              className="MuiFormControl-root MuiTextField-root makeStyles-textfield-3"
            >
              <label
                className="MuiFormLabel-root MuiInputLabel-root MuiInputLabel-formControl MuiInputLabel-animated"
                data-shrink={false}
              >
                Email
              </label>
              <div
                className="MuiInputBase-root MuiInput-root MuiInput-underline MuiInputBase-formControl MuiInput-formControl"
                onClick={[Function]}
              >
                <input
                  aria-invalid={false}
                  autoFocus={false}
                  className="MuiInputBase-input MuiInput-input"
                  disabled={false}
                  name="email"
                  onAnimationStart={[Function]}
                  onBlur={[Function]}
                  onChange={[Function]}
                  onFocus={[Function]}
                  required={false}
                  type="text"
                />
              </div>
            </div>
            <br />
            <div
              className="MuiFormControl-root MuiTextField-root makeStyles-textfield-3"
            >
              <label
                className="MuiFormLabel-root MuiInputLabel-root MuiInputLabel-formControl MuiInputLabel-animated"
                data-shrink={false}
              >
                Password
              </label>
              <div
                className="MuiInputBase-root MuiInput-root MuiInput-underline MuiInputBase-formControl MuiInput-formControl"
                onClick={[Function]}
              >
                <input
                  aria-invalid={false}
                  autoFocus={false}
                  className="MuiInputBase-input MuiInput-input"
                  disabled={false}
                  name="password"
                  onAnimationStart={[Function]}
                  onBlur={[Function]}
                  onChange={[Function]}
                  onFocus={[Function]}
                  required={false}
                  type="password"
                />
              </div>
            </div>
            <br />
            <button
              className="MuiButtonBase-root MuiButton-root MuiButton-contained makeStyles-button-5 MuiButton-containedPrimary"
              disabled={false}
              onBlur={[Function]}
              onDragLeave={[Function]}
              onFocus={[Function]}
              onKeyDown={[Function]}
              onKeyUp={[Function]}
              onMouseDown={[Function]}
              onMouseLeave={[Function]}
              onMouseUp={[Function]}
              onTouchEnd={[Function]}
              onTouchMove={[Function]}
              onTouchStart={[Function]}
              tabIndex={0}
              type="submit"
            >
              <span
                className="MuiButton-label"
              >
                Login
              </span>
            </button>
          </form>
        </div>
      </div>
      <div
        className="MuiGrid-root makeStyles-grid-4 MuiGrid-item MuiGrid-grid-xs-12 MuiGrid-grid-md-4"
      >
        <div
          className="makeStyles-register-7"
        >
          <h5
            className="MuiTypography-root MuiTypography-h5"
          >
            Don't have an account?
          </h5>
          <a
            href="/register"
            onClick={[Function]}
            style={
              Object {
                "color": "white",
                "textDecoration": "none",
              }
            }
          >
            <button
              className="MuiButtonBase-root MuiButton-root MuiButton-contained makeStyles-button-5 MuiButton-containedPrimary"
              disabled={false}
              onBlur={[Function]}
              onDragLeave={[Function]}
              onFocus={[Function]}
              onKeyDown={[Function]}
              onKeyUp={[Function]}
              onMouseDown={[Function]}
              onMouseLeave={[Function]}
              onMouseUp={[Function]}
              onTouchEnd={[Function]}
              onTouchMove={[Function]}
              onTouchStart={[Function]}
              tabIndex={0}
              type="button"
            >
              <span
                className="MuiButton-label"
              >
                Register
              </span>
            </button>
          </a>
        </div>
      </div>
    </div>
  </div>,
  ").toJSON();",
]
`;

exports[`LoginPage Component Test match snapshot 1`] = `
Array [
  <div
    id="loginPage"
  >
    <div
      className="MuiGrid-root makeStyles-loginPageWrapper-2 MuiGrid-container"
    >
      <div
        className="MuiGrid-root makeStyles-grid-4 MuiGrid-item MuiGrid-grid-xs-12 MuiGrid-grid-md-4"
      >
        <h3
          className="MuiTypography-root MuiTypography-h3"
        >
          Badob Inc
        </h3>
        <img
          alt="bike_logo"
          className="makeStyles-logo-1"
          src="login_bike_logo.png"
        />
      </div>
      <div
        className="MuiGrid-root makeStyles-grid-4 MuiGrid-item MuiGrid-grid-xs-12 MuiGrid-grid-md-4"
      >
        <div
          className="makeStyles-login-6"
        >
          <h5
            className="MuiTypography-root MuiTypography-h5"
          >
            Already Have An Account
          </h5>
          <form
            autoComplete="off"
            onSubmit={[Function]}
          >
            <div
              className="MuiFormControl-root MuiTextField-root makeStyles-textfield-3"
            >
              <label
                className="MuiFormLabel-root MuiInputLabel-root MuiInputLabel-formControl MuiInputLabel-animated"
                data-shrink={false}
              >
                Email
              </label>
              <div
                className="MuiInputBase-root MuiInput-root MuiInput-underline MuiInputBase-formControl MuiInput-formControl"
                onClick={[Function]}
              >
                <input
                  aria-invalid={false}
                  autoFocus={false}
                  className="MuiInputBase-input MuiInput-input"
                  disabled={false}
                  name="email"
                  onAnimationStart={[Function]}
                  onBlur={[Function]}
                  onChange={[Function]}
                  onFocus={[Function]}
                  required={false}
                  type="text"
                />
              </div>
            </div>
            <br />
            <div
              className="MuiFormControl-root MuiTextField-root makeStyles-textfield-3"
            >
              <label
                className="MuiFormLabel-root MuiInputLabel-root MuiInputLabel-formControl MuiInputLabel-animated"
                data-shrink={false}
              >
                Password
              </label>
              <div
                className="MuiInputBase-root MuiInput-root MuiInput-underline MuiInputBase-formControl MuiInput-formControl"
                onClick={[Function]}
              >
                <input
                  aria-invalid={false}
                  autoFocus={false}
                  className="MuiInputBase-input MuiInput-input"
                  disabled={false}
                  name="password"
                  onAnimationStart={[Function]}
                  onBlur={[Function]}
                  onChange={[Function]}
                  onFocus={[Function]}
                  required={false}
                  type="password"
                />
              </div>
            </div>
            <br />
            <button
              className="MuiButtonBase-root MuiButton-root MuiButton-contained makeStyles-button-5 MuiButton-containedPrimary"
              disabled={false}
              onBlur={[Function]}
              onDragLeave={[Function]}
              onFocus={[Function]}
              onKeyDown={[Function]}
              onKeyUp={[Function]}
              onMouseDown={[Function]}
              onMouseLeave={[Function]}
              onMouseUp={[Function]}
              onTouchEnd={[Function]}
              onTouchMove={[Function]}
              onTouchStart={[Function]}
              tabIndex={0}
              type="submit"
            >
              <span
                className="MuiButton-label"
              >
                Login
              </span>
            </button>
          </form>
        </div>
      </div>
      <div
        className="MuiGrid-root makeStyles-grid-4 MuiGrid-item MuiGrid-grid-xs-12 MuiGrid-grid-md-4"
      >
        <div
          className="makeStyles-register-7"
        >
          <h5
            className="MuiTypography-root MuiTypography-h5"
          >
            Don't have an account?
          </h5>
          <a
            href="/register"
            onClick={[Function]}
            style={
              Object {
                "color": "white",
                "textDecoration": "none",
              }
            }
          >
            <button
              className="MuiButtonBase-root MuiButton-root MuiButton-contained makeStyles-button-5 MuiButton-containedPrimary"
              disabled={false}
              onBlur={[Function]}
              onDragLeave={[Function]}
              onFocus={[Function]}
              onKeyDown={[Function]}
              onKeyUp={[Function]}
              onMouseDown={[Function]}
              onMouseLeave={[Function]}
              onMouseUp={[Function]}
              onTouchEnd={[Function]}
              onTouchMove={[Function]}
              onTouchStart={[Function]}
              tabIndex={0}
              type="button"
            >
              <span
                className="MuiButton-label"
              >
                Register
              </span>
            </button>
          </a>
        </div>
      </div>
    </div>
  </div>,
  ").toJSON();",
]
`;
