// Jest Snapshot v1, https://goo.gl/fbAQLP

exports[`Inventory matches the snapshot 1`] = `
<div
  className="makeStyles-background-2"
  id="inventoryPageTest"
>
  <br />
  <div
    className="makeStyles-title-1"
  >
    Inventory
  </div>
  <br />
  <div
    className="MuiPaper-root makeStyles-tableBack-3 MuiPaper-elevation1 MuiPaper-rounded"
  />
</div>
`;
