// Jest Snapshot v1, https://goo.gl/fbAQLP

exports[`Inventory matches the snapshot 1`] = `
<div
  className="makeStyles-background-2"
  id="inventoryPageTest"
>
  <br />
  <div
    className="makeStyles-title-1"
  >
    Inventory
  </div>
  <br />
  <div
    className="MuiPaper-root makeStyles-place-8 MuiPaper-elevation1 MuiPaper-rounded"
  >
    <table
      className="MuiTable-root makeStyles-tableStyle-4 MuiTable-stickyHeader"
      role={null}
    >
      <thead
        className="MuiTableHead-root makeStyles-tableHead-3"
        role={null}
      >
        <tr
          className="MuiTableRow-root MuiTableRow-head"
          role={null}
        >
          <th
            aria-sort={null}
            className="MuiTableCell-root MuiTableCell-head makeStyles-topRow-6 MuiTableCell-sizeSmall MuiTableCell-stickyHeader"
            scope="col"
          >
            <button
              onClick={[Function]}
              type="button"
            >
              Type
            </button>
          </th>
          <th
            aria-sort={null}
            className="MuiTableCell-root MuiTableCell-head makeStyles-topRow-6 MuiTableCell-sizeSmall MuiTableCell-stickyHeader"
            scope="col"
          >
            <button
              onClick={[Function]}
              type="button"
            >
              Price
            </button>
          </th>
          <th
            aria-sort={null}
            className="MuiTableCell-root MuiTableCell-head makeStyles-topRow-6 MuiTableCell-sizeSmall MuiTableCell-stickyHeader"
            scope="col"
          >
            <button
              onClick={[Function]}
              type="button"
            >
              Quantity
            </button>
          </th>
          <th
            aria-sort={null}
            className="MuiTableCell-root MuiTableCell-head makeStyles-topRow-6 MuiTableCell-sizeSmall MuiTableCell-stickyHeader"
            scope="col"
          >
            <button
              onClick={[Function]}
              type="button"
            >
              Status
            </button>
          </th>
          <th
            aria-sort={null}
            className="MuiTableCell-root MuiTableCell-head makeStyles-topRow-6 MuiTableCell-sizeSmall MuiTableCell-stickyHeader"
            scope="col"
          >
            <button
              onClick={[Function]}
              type="button"
            >
              Size
            </button>
          </th>
          <th
            aria-sort={null}
            className="MuiTableCell-root MuiTableCell-head makeStyles-topRow-6 MuiTableCell-sizeSmall MuiTableCell-stickyHeader"
            scope="col"
          >
            <button
              onClick={[Function]}
              type="button"
            >
              Component Type
            </button>
          </th>
          <th
            aria-sort={null}
            className="MuiTableCell-root MuiTableCell-head makeStyles-topRow-6 MuiTableCell-sizeSmall MuiTableCell-stickyHeader"
            scope="col"
          >
            <button
              onClick={[Function]}
              type="button"
            >
              Location
            </button>
          </th>
        </tr>
      </thead>
      <tbody
        className="MuiTableBody-root"
        role={null}
      />
    </table>
  </div>
</div>
`;
