// Jest Snapshot v1, https://goo.gl/fbAQLP

exports[`UserLogs matches the snapshot 1`] = `
<div
  className="makeStyles-background-2"
  id="userLogsPage"
>
  <br />
  <div
    className="makeStyles-title-1"
  >
    User Logs
  </div>
  <br />
  <div
    className="MuiPaper-root makeStyles-place-7 MuiPaper-elevation1 MuiPaper-rounded"
  >
    <table
      className="MuiTable-root makeStyles-tableStyle-4 MuiTable-stickyHeader"
      role={null}
    >
      <thead
        className="MuiTableHead-root makeStyles-tableHead-3"
        role={null}
      >
        <tr
          className="MuiTableRow-root MuiTableRow-head"
          role={null}
        >
          <th
            aria-sort={null}
            className="MuiTableCell-root MuiTableCell-head makeStyles-topRow-6 MuiTableCell-sizeSmall MuiTableCell-stickyHeader"
            scope="col"
          >
            Time
          </th>
          <th
            aria-sort={null}
            className="MuiTableCell-root MuiTableCell-head makeStyles-topRow-6 MuiTableCell-sizeSmall MuiTableCell-stickyHeader"
            scope="col"
          >
            User
          </th>
          <th
            aria-sort={null}
            className="MuiTableCell-root MuiTableCell-head makeStyles-topRow-6 MuiTableCell-sizeSmall MuiTableCell-stickyHeader"
            scope="col"
          >
            Activity
          </th>
        </tr>
      </thead>
      <tbody
        className="MuiTableBody-root"
        role={null}
      />
    </table>
  </div>
</div>
`;
